#
# There is insufficient memory for the Java Runtime Environment to continue.
# Native memory allocation (malloc) failed to allocate 1240496 bytes. Error detail: Chunk::new
# Possible reasons:
#   The system is out of physical RAM or swap space
#   This process is running with CompressedOops enabled, and the Java Heap may be blocking the growth of the native heap
# Possible solutions:
#   Reduce memory load on the system
#   Increase physical memory or swap space
#   Check if swap backing store is full
#   Decrease Java heap size (-Xmx/-Xms)
#   Decrease number of Java threads
#   Decrease Java thread stack sizes (-Xss)
#   Set larger code cache with -XX:ReservedCodeCacheSize=
#   JVM is running with Unscaled Compressed Oops mode in which the Java heap is
#     placed in the first 4GB address space. The Java Heap base address is the
#     maximum limit for the native heap growth. Please use -XX:HeapBaseMinAddress
#     to set the Java Heap base and to place the Java Heap above 4GB virtual address.
# This output file may be truncated or incomplete.
#
#  Out of Memory Error (arena.cpp:168), pid=14684, tid=22736
#
# JRE version: OpenJDK Runtime Environment Temurin-21.0.11+10 (21.0.11+10) (build 21.0.11+10-LTS)
# Java VM: OpenJDK 64-Bit Server VM Temurin-21.0.11+10 (21.0.11+10-LTS, mixed mode, sharing, tiered, compressed oops, compressed class ptrs, parallel gc, windows-amd64)
# No core dump will be written. Minidumps are not enabled by default on client versions of Windows
#

---------------  S U M M A R Y ------------

Command Line: --add-modules=ALL-SYSTEM --add-opens=java.base/java.util=ALL-UNNAMED --add-opens=java.base/java.lang=ALL-UNNAMED --add-opens=java.base/sun.nio.fs=ALL-UNNAMED -Declipse.application=org.eclipse.jdt.ls.core.id1 -Dosgi.bundles.defaultStartLevel=4 -Declipse.product=org.eclipse.jdt.ls.core.product -Djava.import.generatesMetadataFilesAtProjectRoot=false -DDetectVMInstallationsJob.disabled=true -Dfile.encoding=utf8 -XX:+UseParallelGC -XX:GCTimeRatio=4 -XX:AdaptiveSizePolicyWeight=90 -Dsun.zip.disableMemoryMapping=true -Xmx2G -Xms100m -Xlog:disable -javaagent:c:\Users\91887\.vscode\extensions\redhat.java-1.55.0-win32-x64\lombok\lombok-1.18.39-4050.jar -XX:+HeapDumpOnOutOfMemoryError -XX:HeapDumpPath=c:\Users\91887\AppData\Roaming\Code\User\workspaceStorage\66d4fec6852f26a4e20c9379181b93ab\redhat.java -Daether.dependencyCollector.impl=bf c:\Users\91887\.vscode\extensions\redhat.java-1.55.0-win32-x64\server\plugins\org.eclipse.equinox.launcher_1.7.200.v20260619-2039.jar -configuration c:\Users\91887\AppData\Roaming\Code\User\globalStorage\redhat.java\1.55.0\config_win -data c:\Users\91887\AppData\Roaming\Code\User\workspaceStorage\66d4fec6852f26a4e20c9379181b93ab\redhat.java\jdt_ws --pipe=\\.\pipe\lsp-f0869fbbe0f656e03da51450169caf2c-sock

Host: 11th Gen Intel(R) Core(TM) i5-11400H @ 2.70GHz, 12 cores, 15G,  Windows 11 , 64 bit Build 26100 (10.0.26100.8875)
Time: Mon Jul 27 22:35:26 2026 India Standard Time elapsed time: 22.836761 seconds (0d 0h 0m 22s)

---------------  T H R E A D  ---------------

Current thread (0x000002331d526a50):  JavaThread "C2 CompilerThread1" daemon [_thread_in_native, id=22736, stack(0x0000004779b00000,0x0000004779c00000) (1024K)]


Current CompileTask:
C2:22836 4279   !   4       org.eclipse.osgi.internal.loader.classpath.ClasspathManager::findClassImpl (328 bytes)

Stack: [0x0000004779b00000,0x0000004779c00000]
Native frames: (J=compiled Java code, j=interpreted, Vv=VM code, C=native code)
V  [jvm.dll+0x6d7e19]
V  [jvm.dll+0x8b5096]
V  [jvm.dll+0x8b764e]
V  [jvm.dll+0x8b7d33]
V  [jvm.dll+0x284596]
V  [jvm.dll+0xc685d]
V  [jvm.dll+0xc6da1]
V  [jvm.dll+0x3bed31]
V  [jvm.dll+0x38b2b2]
V  [jvm.dll+0x38a6fa]
V  [jvm.dll+0x24c700]
V  [jvm.dll+0x24bce0]
V  [jvm.dll+0x1cb4ae]
V  [jvm.dll+0x25baad]
V  [jvm.dll+0x25a03a]
V  [jvm.dll+0x3f868e]
V  [jvm.dll+0x85fb0d]
V  [jvm.dll+0x6d664d]
C  [ucrtbase.dll+0x2cd30]
C  [KERNEL32.DLL+0x2e957]
C  [ntdll.dll+0xaad6c]


---------------  P R O C E S S  ---------------

Threads class SMR info:
_java_thread_list=0x000002331702cfd0, length=43, elements={
0x00000232bdf3d1e0, 0x00000232bdeed760, 0x00000232bdeee420, 0x00000232bdfe7ac0,
0x00000232bdfe8720, 0x00000232bdfec820, 0x00000232bdff36f0, 0x00000232bdffe8d0,
0x0000023316ce6990, 0x00000232bdff64e0, 0x00000232bdff3d80, 0x00000232bdff4410,
0x00000232bdff57c0, 0x00000232bdff5e50, 0x00000232bdff3060, 0x00000232bdff4aa0,
0x00000232bdff5130, 0x0000023316f7d060, 0x0000023316f7e410, 0x0000023316f7c340,
0x0000023316f7c9d0, 0x000002331d526a50, 0x000002331c9c8790, 0x0000023316f7eaa0,
0x0000023316f7dd80, 0x0000023316f7f130, 0x0000023316f7f7c0, 0x000002331dc3b780,
0x000002331dc39d40, 0x000002331dc39020, 0x000002331dc3c4a0, 0x000002331dc3be10,
0x000002331dc396b0, 0x000002331dc3a3d0, 0x000002331dc3aa60, 0x000002331dc3b0f0,
0x000002331e65ade0, 0x000002331e65a0c0, 0x000002331e65bb00, 0x000002331e65c190,
0x000002331e65c820, 0x000002331e65ceb0, 0x000002331e659a30
}

Java Threads: ( => current thread )
  0x00000232bdf3d1e0 JavaThread "main"                              [_thread_in_Java, id=20992, stack(0x0000004777e00000,0x0000004777f00000) (1024K)]
  0x00000232bdeed760 JavaThread "Reference Handler"          daemon [_thread_blocked, id=25064, stack(0x0000004778200000,0x0000004778300000) (1024K)]
  0x00000232bdeee420 JavaThread "Finalizer"                  daemon [_thread_blocked, id=1400, stack(0x0000004778300000,0x0000004778400000) (1024K)]
  0x00000232bdfe7ac0 JavaThread "Signal Dispatcher"          daemon [_thread_blocked, id=30604, stack(0x0000004778400000,0x0000004778500000) (1024K)]
  0x00000232bdfe8720 JavaThread "Attach Listener"            daemon [_thread_blocked, id=21352, stack(0x0000004778500000,0x0000004778600000) (1024K)]
  0x00000232bdfec820 JavaThread "Service Thread"             daemon [_thread_blocked, id=18436, stack(0x0000004778600000,0x0000004778700000) (1024K)]
  0x00000232bdff36f0 JavaThread "Monitor Deflation Thread"   daemon [_thread_blocked, id=26636, stack(0x0000004778700000,0x0000004778800000) (1024K)]
  0x00000232bdffe8d0 JavaThread "C2 CompilerThread0"         daemon [_thread_in_native, id=18560, stack(0x0000004778800000,0x0000004778900000) (1024K)]
  0x0000023316ce6990 JavaThread "C1 CompilerThread0"         daemon [_thread_in_native, id=22744, stack(0x0000004778900000,0x0000004778a00000) (1024K)]
  0x00000232bdff64e0 JavaThread "Common-Cleaner"             daemon [_thread_blocked, id=16488, stack(0x0000004778b00000,0x0000004778c00000) (1024K)]
  0x00000232bdff3d80 JavaThread "Notification Thread"        daemon [_thread_blocked, id=20032, stack(0x0000004778c00000,0x0000004778d00000) (1024K)]
  0x00000232bdff4410 JavaThread "Active Thread: Equinox Container: 450889f3-c8f6-4f29-a3e5-582f5e860343"        [_thread_blocked, id=21244, stack(0x0000004779400000,0x0000004779500000) (1024K)]
  0x00000232bdff57c0 JavaThread "Refresh Thread: Equinox Container: 450889f3-c8f6-4f29-a3e5-582f5e860343" daemon [_thread_blocked, id=24316, stack(0x0000004778d00000,0x0000004778e00000) (1024K)]
  0x00000232bdff5e50 JavaThread "Framework Event Dispatcher: Equinox Container: 450889f3-c8f6-4f29-a3e5-582f5e860343" daemon [_thread_blocked, id=22320, stack(0x0000004779500000,0x0000004779600000) (1024K)]
  0x00000232bdff3060 JavaThread "Start Level: Equinox Container: 450889f3-c8f6-4f29-a3e5-582f5e860343" daemon [_thread_blocked, id=17128, stack(0x0000004779600000,0x0000004779700000) (1024K)]
  0x00000232bdff4aa0 JavaThread "Bundle File Closer"         daemon [_thread_blocked, id=20552, stack(0x0000004779700000,0x0000004779800000) (1024K)]
  0x00000232bdff5130 JavaThread "SCR Component Actor"        daemon [_thread_blocked, id=28520, stack(0x0000004779a00000,0x0000004779b00000) (1024K)]
  0x0000023316f7d060 JavaThread "Worker-JM"                         [_thread_blocked, id=25332, stack(0x0000004779c00000,0x0000004779d00000) (1024K)]
  0x0000023316f7e410 JavaThread "JNA Cleaner"                daemon [_thread_blocked, id=2272, stack(0x0000004779d00000,0x0000004779e00000) (1024K)]
  0x0000023316f7c340 JavaThread "Worker-0"                          [_thread_blocked, id=27832, stack(0x0000004779e00000,0x0000004779f00000) (1024K)]
  0x0000023316f7c9d0 JavaThread "Worker-1: Initialize After Load"        [_thread_blocked, id=24628, stack(0x0000004779f00000,0x000000477a000000) (1024K)]
=>0x000002331d526a50 JavaThread "C2 CompilerThread1"         daemon [_thread_in_native, id=22736, stack(0x0000004779b00000,0x0000004779c00000) (1024K)]
  0x000002331c9c8790 JavaThread "C2 CompilerThread2"         daemon [_thread_in_native, id=22592, stack(0x000000477a000000,0x000000477a100000) (1024K)]
  0x0000023316f7eaa0 JavaThread "Java indexing"              daemon [_thread_blocked, id=29144, stack(0x000000477a100000,0x000000477a200000) (1024K)]
  0x0000023316f7dd80 JavaThread "Worker-2: Repository registry initialization"        [_thread_blocked, id=24116, stack(0x000000477a400000,0x000000477a500000) (1024K)]
  0x0000023316f7f130 JavaThread "Worker-3: Updating Maven Dependencies"        [_thread_in_Java, id=27232, stack(0x000000477a500000,0x000000477a600000) (1024K)]
  0x0000023316f7f7c0 JavaThread "Thread-1"                   daemon [_thread_in_native, id=25896, stack(0x000000477a600000,0x000000477a700000) (1024K)]
  0x000002331dc3b780 JavaThread "Thread-2"                   daemon [_thread_in_native, id=20024, stack(0x000000477a700000,0x000000477a800000) (1024K)]
  0x000002331dc39d40 JavaThread "Thread-3"                   daemon [_thread_in_native, id=23860, stack(0x000000477a800000,0x000000477a900000) (1024K)]
  0x000002331dc39020 JavaThread "Thread-4"                   daemon [_thread_in_native, id=17768, stack(0x000000477a900000,0x000000477aa00000) (1024K)]
  0x000002331dc3c4a0 JavaThread "Thread-5"                   daemon [_thread_in_native, id=5124, stack(0x000000477aa00000,0x000000477ab00000) (1024K)]
  0x000002331dc3be10 JavaThread "Thread-6"                   daemon [_thread_in_native, id=30296, stack(0x000000477ab00000,0x000000477ac00000) (1024K)]
  0x000002331dc396b0 JavaThread "Thread-7"                   daemon [_thread_in_native, id=12532, stack(0x000000477ac00000,0x000000477ad00000) (1024K)]
  0x000002331dc3a3d0 JavaThread "Thread-8"                   daemon [_thread_in_native, id=11040, stack(0x000000477ad00000,0x000000477ae00000) (1024K)]
  0x000002331dc3aa60 JavaThread "Thread-9"                   daemon [_thread_in_native, id=23012, stack(0x000000477ae00000,0x000000477af00000) (1024K)]
  0x000002331dc3b0f0 JavaThread "Thread-10"                  daemon [_thread_in_native, id=12952, stack(0x000000477af00000,0x000000477b000000) (1024K)]
  0x000002331e65ade0 JavaThread "Thread-11"                  daemon [_thread_in_native, id=28096, stack(0x000000477b000000,0x000000477b100000) (1024K)]
  0x000002331e65a0c0 JavaThread "Thread-12"                  daemon [_thread_in_native, id=412, stack(0x000000477b100000,0x000000477b200000) (1024K)]
  0x000002331e65bb00 JavaThread "Thread-13"                  daemon [_thread_in_native, id=26276, stack(0x000000477b200000,0x000000477b300000) (1024K)]
  0x000002331e65c190 JavaThread "pool-2-thread-1"                   [_thread_blocked, id=19440, stack(0x000000477b300000,0x000000477b400000) (1024K)]
  0x000002331e65c820 JavaThread "Worker-4"                          [_thread_blocked, id=25220, stack(0x000000477b400000,0x000000477b500000) (1024K)]
  0x000002331e65ceb0 JavaThread "WorkspaceEventsHandler"            [_thread_blocked, id=20900, stack(0x000000477b500000,0x000000477b600000) (1024K)]
  0x000002331e659a30 JavaThread "pool-1-thread-1"                   [_thread_in_vm, id=10572, stack(0x000000477b600000,0x000000477b700000) (1024K)]
Total: 43

Other Threads:
  0x0000023316ce0d70 VMThread "VM Thread"                           [id=21800, stack(0x0000004778100000,0x0000004778200000) (1024K)]
  0x00000232bdfac060 WatcherThread "VM Periodic Task Thread"        [id=6600, stack(0x0000004778000000,0x0000004778100000) (1024K)]
  0x00000232bdf5b500 WorkerThread "GC Thread#0"                     [id=6828, stack(0x0000004777f00000,0x0000004778000000) (1024K)]
  0x000002331c6911e0 WorkerThread "GC Thread#1"                     [id=2468, stack(0x0000004778e00000,0x0000004778f00000) (1024K)]
  0x000002331c6c57a0 WorkerThread "GC Thread#2"                     [id=23664, stack(0x0000004778f00000,0x0000004779000000) (1024K)]
  0x000002331c894c50 WorkerThread "GC Thread#3"                     [id=26216, stack(0x0000004779000000,0x0000004779100000) (1024K)]
  0x000002331c895000 WorkerThread "GC Thread#4"                     [id=6052, stack(0x0000004779100000,0x0000004779200000) (1024K)]
  0x000002331c44c5e0 WorkerThread "GC Thread#5"                     [id=11388, stack(0x0000004779200000,0x0000004779300000) (1024K)]
  0x000002331c44d1a0 WorkerThread "GC Thread#6"                     [id=25344, stack(0x0000004779300000,0x0000004779400000) (1024K)]
  0x0000023316d37c00 WorkerThread "GC Thread#7"                     [id=14956, stack(0x0000004778a00000,0x0000004778b00000) (1024K)]
  0x000002331c24f880 WorkerThread "GC Thread#8"                     [id=13196, stack(0x0000004779800000,0x0000004779900000) (1024K)]
  0x000002331cd60c40 WorkerThread "GC Thread#9"                     [id=28176, stack(0x0000004779900000,0x0000004779a00000) (1024K)]
Total: 12

Threads with active compile tasks:
C2 CompilerThread0  22867 4200       4       org.eclipse.osgi.internal.loader.BundleLoader::addExportedProvidersFor (167 bytes)
C1 CompilerThread0  22867 4538       3       java.time.format.Parsed::resolveTimeFields (1347 bytes)
C2 CompilerThread1  22867 4279   !   4       org.eclipse.osgi.internal.loader.classpath.ClasspathManager::findClassImpl (328 bytes)
C2 CompilerThread2  22867 4399   !   4       org.eclipse.osgi.internal.loader.classpath.ClasspathManager::findLocalClass (210 bytes)
Total: 4

VM state: not at safepoint (normal execution)

VM Mutex/Monitor currently owned by a thread: None

Heap address: 0x0000000080000000, size: 2048 MB, Compressed Oops mode: 32-bit

CDS archive(s) mapped at: [0x00000232d5000000-0x00000232d5ba0000-0x00000232d5ba0000), size 12189696, SharedBaseAddress: 0x00000232d5000000, ArchiveRelocationMode: 1.
Compressed class space mapped at: 0x00000232d6000000-0x0000023316000000, reserved size: 1073741824
Narrow klass base: 0x00000232d5000000, Narrow klass shift: 0, Narrow klass range: 0x100000000

GC Precious Log:
 CardTable entry size: 512
 CPUs: 12 total, 12 available
 Memory: 16022M
 Large Page Support: Disabled
 NUMA Support: Disabled
 Compressed Oops: Enabled (32-bit)
 Alignments: Space 512K, Generation 512K, Heap 2M
 Heap Min Capacity: 100M
 Heap Initial Capacity: 100M
 Heap Max Capacity: 2G
 Pre-touch: Disabled
 Parallel Workers: 10

Heap:
 PSYoungGen      total 22528K, used 8528K [0x00000000d5580000, 0x00000000d6f80000, 0x0000000100000000)
  eden space 22016K, 38% used [0x00000000d5580000,0x00000000d5dd4130,0x00000000d6b00000)
  from space 512K, 0% used [0x00000000d6c80000,0x00000000d6c80000,0x00000000d6d00000)
  to   space 1536K, 0% used [0x00000000d6e00000,0x00000000d6e00000,0x00000000d6f80000)
 ParOldGen       total 68608K, used 19236K [0x0000000080000000, 0x0000000084300000, 0x00000000d5580000)
  object space 68608K, 28% used [0x0000000080000000,0x00000000812c91b8,0x0000000084300000)
 Metaspace       used 35826K, committed 36864K, reserved 1114112K
  class space    used 3740K, committed 4160K, reserved 1048576K

Card table byte_map: [0x00000232bd8e0000,0x00000232bdcf0000] _byte_map_base: 0x00000232bd4e0000

Marking Bits: (ParMarkBitMap*) 0x00007ffb288a4460
 Begin Bits: [0x00000232d03f0000, 0x00000232d23f0000)
 End Bits:   [0x00000232d23f0000, 0x00000232d43f0000)

Polling page: 0x00000232bbdb0000

Metaspace:

Usage:
  Non-class:     31.33 MB used.
      Class:      3.65 MB used.
       Both:     34.99 MB used.

Virtual space:
  Non-class space:       64.00 MB reserved,      31.94 MB ( 50%) committed,  1 nodes.
      Class space:        1.00 GB reserved,       4.06 MB ( <1%) committed,  1 nodes.
             Both:        1.06 GB reserved,      36.00 MB (  3%) committed. 

Chunk freelists:
   Non-Class:  0 bytes
       Class:  11.94 MB
        Both:  11.94 MB

MaxMetaspaceSize: unlimited
CompressedClassSpaceSize: 1.00 GB
Initial GC threshold: 21.00 MB
Current GC threshold: 58.38 MB
CDS: on
 - commit_granule_bytes: 65536.
 - commit_granule_words: 8192.
 - virtual_space_node_default_size: 8388608.
 - enlarge_chunks_in_place: 1.
 - use_allocation_guard: 0.


Internal statistics:

num_allocs_failed_limit: 6.
num_arena_births: 760.
num_arena_deaths: 14.
num_vsnodes_births: 2.
num_vsnodes_deaths: 0.
num_space_committed: 576.
num_space_uncommitted: 0.
num_chunks_returned_to_freelist: 20.
num_chunks_taken_from_freelist: 2291.
num_chunk_merges: 11.
num_chunk_splits: 1440.
num_chunks_enlarged: 864.
num_inconsistent_stats: 0.

CodeHeap 'non-profiled nmethods': size=120000Kb used=1876Kb max_used=2157Kb free=118124Kb
 bounds [0x00000232c8c10000, 0x00000232c8e80000, 0x00000232d0140000]
CodeHeap 'profiled nmethods': size=120000Kb used=8016Kb max_used=9215Kb free=111983Kb
 bounds [0x00000232c1140000, 0x00000232c1a40000, 0x00000232c8670000]
CodeHeap 'non-nmethods': size=5760Kb used=1366Kb max_used=1407Kb free=4393Kb
 bounds [0x00000232c8670000, 0x00000232c88e0000, 0x00000232c8c10000]
CodeCache: size=245760Kb, used=11258Kb, max_used=12779Kb, free=234500Kb
 total_blobs=4641, nmethods=3988, adapters=559, full_count=0
Compilation: enabled, stopped_count=0, restarted_count=0

Compilation events (20 events):
Event: 21.833 Thread 0x0000023316ce6990 nmethod 4471 0x00000232c143ae90 code [0x00000232c143b040, 0x00000232c143b1d0]
Event: 21.833 Thread 0x0000023316ce6990 4467       3       java.time.temporal.ValueRange::isValidValue (24 bytes)
Event: 21.834 Thread 0x0000023316ce6990 nmethod 4467 0x00000232c14b3090 code [0x00000232c14b3240, 0x00000232c14b3400]
Event: 21.834 Thread 0x0000023316ce6990 4464       1       java.time.format.DateTimeParseContext::isStrict (5 bytes)
Event: 21.834 Thread 0x0000023316ce6990 nmethod 4464 0x00000232c8d3bd90 code [0x00000232c8d3bf20, 0x00000232c8d3bff0]
Event: 21.834 Thread 0x0000023316ce6990 4472       3       java.time.temporal.ChronoField::checkValidValue (10 bytes)
Event: 21.834 Thread 0x0000023316ce6990 nmethod 4472 0x00000232c14da790 code [0x00000232c14da940, 0x00000232c14daaa0]
Event: 21.835 Thread 0x0000023316ce6990 4473       3       java.time.temporal.ValueRange::checkValidValue (24 bytes)
Event: 21.835 Thread 0x0000023316ce6990 nmethod 4473 0x00000232c1245490 code [0x00000232c1245660, 0x00000232c12459e8]
Event: 21.835 Thread 0x0000023316ce6990 4474       3       java.time.format.DateTimeParseContext::currentParsed (20 bytes)
Event: 21.836 Thread 0x0000023316ce6990 nmethod 4474 0x00000232c1397390 code [0x00000232c1397560, 0x00000232c1397910]
Event: 21.836 Thread 0x0000023316ce6990 4468       1       java.time.format.DecimalStyle::getPositiveSign (5 bytes)
Event: 21.836 Thread 0x0000023316ce6990 nmethod 4468 0x00000232c8c30190 code [0x00000232c8c30320, 0x00000232c8c303f0]
Event: 21.836 Thread 0x0000023316ce6990 4469       1       java.time.format.DecimalStyle::getNegativeSign (5 bytes)
Event: 21.836 Thread 0x0000023316ce6990 nmethod 4469 0x00000232c8c41d90 code [0x00000232c8c41f20, 0x00000232c8c41ff0]
Event: 21.836 Thread 0x0000023316ce6990 4476       3       java.time.temporal.ValueRange::isIntValue (28 bytes)
Event: 21.836 Thread 0x0000023316ce6990 nmethod 4476 0x00000232c14f4910 code [0x00000232c14f4ac0, 0x00000232c14f4c90]
Event: 21.836 Thread 0x0000023316ce6990 4478       3       java.time.format.DateTimeParseContext::setParsedField (54 bytes)
Event: 21.837 Thread 0x0000023316ce6990 nmethod 4478 0x00000232c1275290 code [0x00000232c12754c0, 0x00000232c1275d38]
Event: 21.837 Thread 0x0000023316ce6990 4486       3       java.time.format.DateTimeFormatterBuilder$NumberPrinterParser::parse (609 bytes)

GC Heap History (20 events):
Event: 20.361 GC heap before
{Heap before GC invocations=6 (full 0):
 PSYoungGen      total 29184K, used 29154K [0x00000000d5580000, 0x00000000d7900000, 0x0000000100000000)
  eden space 25088K, 100% used [0x00000000d5580000,0x00000000d6e00000,0x00000000d6e00000)
  from space 4096K, 99% used [0x00000000d6e80000,0x00000000d7278910,0x00000000d7280000)
  to   space 5632K, 0% used [0x00000000d7380000,0x00000000d7380000,0x00000000d7900000)
 ParOldGen       total 68608K, used 7680K [0x0000000080000000, 0x0000000084300000, 0x00000000d5580000)
  object space 68608K, 11% used [0x0000000080000000,0x00000000807800c8,0x0000000084300000)
 Metaspace       used 18680K, committed 19456K, reserved 1114112K
  class space    used 1976K, committed 2240K, reserved 1048576K
}
Event: 20.365 GC heap after
{Heap after GC invocations=6 (full 0):
 PSYoungGen      total 29696K, used 5091K [0x00000000d5580000, 0x00000000d7880000, 0x0000000100000000)
  eden space 24576K, 0% used [0x00000000d5580000,0x00000000d5580000,0x00000000d6d80000)
  from space 5120K, 99% used [0x00000000d7380000,0x00000000d7878c08,0x00000000d7880000)
  to   space 5632K, 0% used [0x00000000d6d80000,0x00000000d6d80000,0x00000000d7300000)
 ParOldGen       total 68608K, used 7688K [0x0000000080000000, 0x0000000084300000, 0x00000000d5580000)
  object space 68608K, 11% used [0x0000000080000000,0x00000000807820c8,0x0000000084300000)
 Metaspace       used 18680K, committed 19456K, reserved 1114112K
  class space    used 1976K, committed 2240K, reserved 1048576K
}
Event: 20.563 GC heap before
{Heap before GC invocations=7 (full 0):
 PSYoungGen      total 29696K, used 25374K [0x00000000d5580000, 0x00000000d7880000, 0x0000000100000000)
  eden space 24576K, 82% used [0x00000000d5580000,0x00000000d694ef68,0x00000000d6d80000)
  from space 5120K, 99% used [0x00000000d7380000,0x00000000d7878c08,0x00000000d7880000)
  to   space 5632K, 0% used [0x00000000d6d80000,0x00000000d6d80000,0x00000000d7300000)
 ParOldGen       total 68608K, used 7688K [0x0000000080000000, 0x0000000084300000, 0x00000000d5580000)
  object space 68608K, 11% used [0x0000000080000000,0x00000000807820c8,0x0000000084300000)
 Metaspace       used 20646K, committed 21504K, reserved 1114112K
  class space    used 2202K, committed 2560K, reserved 1048576K
}
Event: 20.568 GC heap after
{Heap after GC invocations=7 (full 0):
 PSYoungGen      total 29696K, used 4770K [0x00000000d5580000, 0x00000000d7780000, 0x0000000100000000)
  eden space 24576K, 0% used [0x00000000d5580000,0x00000000d5580000,0x00000000d6d80000)
  from space 5120K, 93% used [0x00000000d6d80000,0x00000000d7228998,0x00000000d7280000)
  to   space 5120K, 0% used [0x00000000d7280000,0x00000000d7280000,0x00000000d7780000)
 ParOldGen       total 68608K, used 9283K [0x0000000080000000, 0x0000000084300000, 0x00000000d5580000)
  object space 68608K, 13% used [0x0000000080000000,0x0000000080910d78,0x0000000084300000)
 Metaspace       used 20646K, committed 21504K, reserved 1114112K
  class space    used 2202K, committed 2560K, reserved 1048576K
}
Event: 20.568 GC heap before
{Heap before GC invocations=8 (full 1):
 PSYoungGen      total 29696K, used 4770K [0x00000000d5580000, 0x00000000d7780000, 0x0000000100000000)
  eden space 24576K, 0% used [0x00000000d5580000,0x00000000d5580000,0x00000000d6d80000)
  from space 5120K, 93% used [0x00000000d6d80000,0x00000000d7228998,0x00000000d7280000)
  to   space 5120K, 0% used [0x00000000d7280000,0x00000000d7280000,0x00000000d7780000)
 ParOldGen       total 68608K, used 9283K [0x0000000080000000, 0x0000000084300000, 0x00000000d5580000)
  object space 68608K, 13% used [0x0000000080000000,0x0000000080910d78,0x0000000084300000)
 Metaspace       used 20646K, committed 21504K, reserved 1114112K
  class space    used 2202K, committed 2560K, reserved 1048576K
}
Event: 20.599 GC heap after
{Heap after GC invocations=8 (full 1):
 PSYoungGen      total 29696K, used 0K [0x00000000d5580000, 0x00000000d7780000, 0x0000000100000000)
  eden space 24576K, 0% used [0x00000000d5580000,0x00000000d5580000,0x00000000d6d80000)
  from space 5120K, 0% used [0x00000000d6d80000,0x00000000d6d80000,0x00000000d7280000)
  to   space 5120K, 0% used [0x00000000d7280000,0x00000000d7280000,0x00000000d7780000)
 ParOldGen       total 68608K, used 13377K [0x0000000080000000, 0x0000000084300000, 0x00000000d5580000)
  object space 68608K, 19% used [0x0000000080000000,0x0000000080d107a8,0x0000000084300000)
 Metaspace       used 20633K, committed 21504K, reserved 1114112K
  class space    used 2198K, committed 2560K, reserved 1048576K
}
Event: 20.786 GC heap before
{Heap before GC invocations=9 (full 1):
 PSYoungGen      total 29696K, used 24576K [0x00000000d5580000, 0x00000000d7780000, 0x0000000100000000)
  eden space 24576K, 100% used [0x00000000d5580000,0x00000000d6d80000,0x00000000d6d80000)
  from space 5120K, 0% used [0x00000000d6d80000,0x00000000d6d80000,0x00000000d7280000)
  to   space 5120K, 0% used [0x00000000d7280000,0x00000000d7280000,0x00000000d7780000)
 ParOldGen       total 68608K, used 13377K [0x0000000080000000, 0x0000000084300000, 0x00000000d5580000)
  object space 68608K, 19% used [0x0000000080000000,0x0000000080d107a8,0x0000000084300000)
 Metaspace       used 23373K, committed 24256K, reserved 1114112K
  class space    used 2375K, committed 2752K, reserved 1048576K
}
Event: 20.787 GC heap after
{Heap after GC invocations=9 (full 1):
 PSYoungGen      total 25088K, used 523K [0x00000000d5580000, 0x00000000d7380000, 0x0000000100000000)
  eden space 24064K, 0% used [0x00000000d5580000,0x00000000d5580000,0x00000000d6d00000)
  from space 1024K, 51% used [0x00000000d7280000,0x00000000d7302c68,0x00000000d7380000)
  to   space 2560K, 0% used [0x00000000d6e80000,0x00000000d6e80000,0x00000000d7100000)
 ParOldGen       total 68608K, used 13377K [0x0000000080000000, 0x0000000084300000, 0x00000000d5580000)
  object space 68608K, 19% used [0x0000000080000000,0x0000000080d107a8,0x0000000084300000)
 Metaspace       used 23373K, committed 24256K, reserved 1114112K
  class space    used 2375K, committed 2752K, reserved 1048576K
}
Event: 20.971 GC heap before
{Heap before GC invocations=10 (full 1):
 PSYoungGen      total 25088K, used 24587K [0x00000000d5580000, 0x00000000d7380000, 0x0000000100000000)
  eden space 24064K, 100% used [0x00000000d5580000,0x00000000d6d00000,0x00000000d6d00000)
  from space 1024K, 51% used [0x00000000d7280000,0x00000000d7302c68,0x00000000d7380000)
  to   space 2560K, 0% used [0x00000000d6e80000,0x00000000d6e80000,0x00000000d7100000)
 ParOldGen       total 68608K, used 13377K [0x0000000080000000, 0x0000000084300000, 0x00000000d5580000)
  object space 68608K, 19% used [0x0000000080000000,0x0000000080d107a8,0x0000000084300000)
 Metaspace       used 26340K, committed 27136K, reserved 1114112K
  class space    used 2611K, committed 2944K, reserved 1048576K
}
Event: 20.973 GC heap after
{Heap after GC invocations=10 (full 1):
 PSYoungGen      total 26112K, used 2419K [0x00000000d5580000, 0x00000000d7300000, 0x0000000100000000)
  eden space 23552K, 0% used [0x00000000d5580000,0x00000000d5580000,0x00000000d6c80000)
  from space 2560K, 94% used [0x00000000d6e80000,0x00000000d70dcf18,0x00000000d7100000)
  to   space 2048K, 0% used [0x00000000d7100000,0x00000000d7100000,0x00000000d7300000)
 ParOldGen       total 68608K, used 13377K [0x0000000080000000, 0x0000000084300000, 0x00000000d5580000)
  object space 68608K, 19% used [0x0000000080000000,0x0000000080d107a8,0x0000000084300000)
 Metaspace       used 26340K, committed 27136K, reserved 1114112K
  class space    used 2611K, committed 2944K, reserved 1048576K
}
Event: 21.243 GC heap before
{Heap before GC invocations=11 (full 1):
 PSYoungGen      total 26112K, used 25971K [0x00000000d5580000, 0x00000000d7300000, 0x0000000100000000)
  eden space 23552K, 100% used [0x00000000d5580000,0x00000000d6c80000,0x00000000d6c80000)
  from space 2560K, 94% used [0x00000000d6e80000,0x00000000d70dcf18,0x00000000d7100000)
  to   space 2048K, 0% used [0x00000000d7100000,0x00000000d7100000,0x00000000d7300000)
 ParOldGen       total 68608K, used 13377K [0x0000000080000000, 0x0000000084300000, 0x00000000d5580000)
  object space 68608K, 19% used [0x0000000080000000,0x0000000080d107a8,0x0000000084300000)
 Metaspace       used 28451K, committed 29376K, reserved 1114112K
  class space    used 2794K, committed 3200K, reserved 1048576K
}
Event: 21.245 GC heap after
{Heap after GC invocations=11 (full 1):
 PSYoungGen      total 25088K, used 2029K [0x00000000d5580000, 0x00000000d7300000, 0x0000000100000000)
  eden space 23040K, 0% used [0x00000000d5580000,0x00000000d5580000,0x00000000d6c00000)
  from space 2048K, 99% used [0x00000000d7100000,0x00000000d72fb648,0x00000000d7300000)
  to   space 3584K, 0% used [0x00000000d6c00000,0x00000000d6c00000,0x00000000d6f80000)
 ParOldGen       total 68608K, used 14674K [0x0000000080000000, 0x0000000084300000, 0x00000000d5580000)
  object space 68608K, 21% used [0x0000000080000000,0x0000000080e54910,0x0000000084300000)
 Metaspace       used 28451K, committed 29376K, reserved 1114112K
  class space    used 2794K, committed 3200K, reserved 1048576K
}
Event: 21.476 GC heap before
{Heap before GC invocations=12 (full 1):
 PSYoungGen      total 25088K, used 25069K [0x00000000d5580000, 0x00000000d7300000, 0x0000000100000000)
  eden space 23040K, 100% used [0x00000000d5580000,0x00000000d6c00000,0x00000000d6c00000)
  from space 2048K, 99% used [0x00000000d7100000,0x00000000d72fb648,0x00000000d7300000)
  to   space 3584K, 0% used [0x00000000d6c00000,0x00000000d6c00000,0x00000000d6f80000)
 ParOldGen       total 68608K, used 14674K [0x0000000080000000, 0x0000000084300000, 0x00000000d5580000)
  object space 68608K, 21% used [0x0000000080000000,0x0000000080e54910,0x0000000084300000)
 Metaspace       used 31599K, committed 32576K, reserved 1114112K
  class space    used 3169K, committed 3584K, reserved 1048576K
}
Event: 21.478 GC heap after
{Heap after GC invocations=12 (full 1):
 PSYoungGen      total 24576K, used 1834K [0x00000000d5580000, 0x00000000d7180000, 0x0000000100000000)
  eden space 22528K, 0% used [0x00000000d5580000,0x00000000d5580000,0x00000000d6b80000)
  from space 2048K, 89% used [0x00000000d6c00000,0x00000000d6dcab98,0x00000000d6e00000)
  to   space 2560K, 0% used [0x00000000d6f00000,0x00000000d6f00000,0x00000000d7180000)
 ParOldGen       total 68608K, used 16664K [0x0000000080000000, 0x0000000084300000, 0x00000000d5580000)
  object space 68608K, 24% used [0x0000000080000000,0x00000000810461d8,0x0000000084300000)
 Metaspace       used 31599K, committed 32576K, reserved 1114112K
  class space    used 3169K, committed 3584K, reserved 1048576K
}
Event: 21.700 GC heap before
{Heap before GC invocations=13 (full 1):
 PSYoungGen      total 24576K, used 24362K [0x00000000d5580000, 0x00000000d7180000, 0x0000000100000000)
  eden space 22528K, 100% used [0x00000000d5580000,0x00000000d6b80000,0x00000000d6b80000)
  from space 2048K, 89% used [0x00000000d6c00000,0x00000000d6dcab98,0x00000000d6e00000)
  to   space 2560K, 0% used [0x00000000d6f00000,0x00000000d6f00000,0x00000000d7180000)
 ParOldGen       total 68608K, used 16664K [0x0000000080000000, 0x0000000084300000, 0x00000000d5580000)
  object space 68608K, 24% used [0x0000000080000000,0x00000000810461d8,0x0000000084300000)
 Metaspace       used 34300K, committed 35328K, reserved 1114112K
  class space    used 3545K, committed 3968K, reserved 1048576K
}
Event: 21.702 GC heap after
{Heap after GC invocations=13 (full 1):
 PSYoungGen      total 24576K, used 2272K [0x00000000d5580000, 0x00000000d7180000, 0x0000000100000000)
  eden space 22016K, 0% used [0x00000000d5580000,0x00000000d5580000,0x00000000d6b00000)
  from space 2560K, 88% used [0x00000000d6f00000,0x00000000d7138000,0x00000000d7180000)
  to   space 2560K, 0% used [0x00000000d6c80000,0x00000000d6c80000,0x00000000d6f00000)
 ParOldGen       total 68608K, used 17893K [0x0000000080000000, 0x0000000084300000, 0x00000000d5580000)
  object space 68608K, 26% used [0x0000000080000000,0x0000000081179588,0x0000000084300000)
 Metaspace       used 34300K, committed 35328K, reserved 1114112K
  class space    used 3545K, committed 3968K, reserved 1048576K
}
Event: 21.734 GC heap before
{Heap before GC invocations=14 (full 1):
 PSYoungGen      total 24576K, used 6272K [0x00000000d5580000, 0x00000000d7180000, 0x0000000100000000)
  eden space 22016K, 18% used [0x00000000d5580000,0x00000000d5968340,0x00000000d6b00000)
  from space 2560K, 88% used [0x00000000d6f00000,0x00000000d7138000,0x00000000d7180000)
  to   space 2560K, 0% used [0x00000000d6c80000,0x00000000d6c80000,0x00000000d6f00000)
 ParOldGen       total 68608K, used 17893K [0x0000000080000000, 0x0000000084300000, 0x00000000d5580000)
  object space 68608K, 26% used [0x0000000080000000,0x0000000081179588,0x0000000084300000)
 Metaspace       used 34843K, committed 35840K, reserved 1114112K
  class space    used 3612K, committed 4032K, reserved 1048576K
}
Event: 21.736 GC heap after
{Heap after GC invocations=14 (full 1):
 PSYoungGen      total 22528K, used 480K [0x00000000d5580000, 0x00000000d6f80000, 0x0000000100000000)
  eden space 22016K, 0% used [0x00000000d5580000,0x00000000d5580000,0x00000000d6b00000)
  from space 512K, 93% used [0x00000000d6c80000,0x00000000d6cf8000,0x00000000d6d00000)
  to   space 1536K, 0% used [0x00000000d6e00000,0x00000000d6e00000,0x00000000d6f80000)
 ParOldGen       total 68608K, used 19925K [0x0000000080000000, 0x0000000084300000, 0x00000000d5580000)
  object space 68608K, 29% used [0x0000000080000000,0x0000000081375598,0x0000000084300000)
 Metaspace       used 34843K, committed 35840K, reserved 1114112K
  class space    used 3612K, committed 4032K, reserved 1048576K
}
Event: 21.736 GC heap before
{Heap before GC invocations=15 (full 2):
 PSYoungGen      total 22528K, used 480K [0x00000000d5580000, 0x00000000d6f80000, 0x0000000100000000)
  eden space 22016K, 0% used [0x00000000d5580000,0x00000000d5580000,0x00000000d6b00000)
  from space 512K, 93% used [0x00000000d6c80000,0x00000000d6cf8000,0x00000000d6d00000)
  to   space 1536K, 0% used [0x00000000d6e00000,0x00000000d6e00000,0x00000000d6f80000)
 ParOldGen       total 68608K, used 19925K [0x0000000080000000, 0x0000000084300000, 0x00000000d5580000)
  object space 68608K, 29% used [0x0000000080000000,0x0000000081375598,0x0000000084300000)
 Metaspace       used 34843K, committed 35840K, reserved 1114112K
  class space    used 3612K, committed 4032K, reserved 1048576K
}
Event: 21.768 GC heap after
{Heap after GC invocations=15 (full 2):
 PSYoungGen      total 22528K, used 0K [0x00000000d5580000, 0x00000000d6f80000, 0x0000000100000000)
  eden space 22016K, 0% used [0x00000000d5580000,0x00000000d5580000,0x00000000d6b00000)
  from space 512K, 0% used [0x00000000d6c80000,0x00000000d6c80000,0x00000000d6d00000)
  to   space 1536K, 0% used [0x00000000d6e00000,0x00000000d6e00000,0x00000000d6f80000)
 ParOldGen       total 68608K, used 19236K [0x0000000080000000, 0x0000000084300000, 0x00000000d5580000)
  object space 68608K, 28% used [0x0000000080000000,0x00000000812c91b8,0x0000000084300000)
 Metaspace       used 34843K, committed 35840K, reserved 1114112K
  class space    used 3612K, committed 4032K, reserved 1048576K
}

Dll operation events (10 events):
Event: 0.068 Loaded shared library c:\Users\91887\.vscode\extensions\redhat.java-1.55.0-win32-x64\jre\21.0.11-win32-x86_64\bin\java.dll
Event: 0.134 Loaded shared library c:\Users\91887\.vscode\extensions\redhat.java-1.55.0-win32-x64\jre\21.0.11-win32-x86_64\bin\zip.dll
Event: 0.152 Loaded shared library C:\Users\91887\.vscode\extensions\redhat.java-1.55.0-win32-x64\jre\21.0.11-win32-x86_64\bin\instrument.dll
Event: 0.202 Loaded shared library C:\Users\91887\.vscode\extensions\redhat.java-1.55.0-win32-x64\jre\21.0.11-win32-x86_64\bin\net.dll
Event: 0.250 Loaded shared library C:\Users\91887\.vscode\extensions\redhat.java-1.55.0-win32-x64\jre\21.0.11-win32-x86_64\bin\nio.dll
Event: 0.253 Loaded shared library C:\Users\91887\.vscode\extensions\redhat.java-1.55.0-win32-x64\jre\21.0.11-win32-x86_64\bin\zip.dll
Event: 0.268 Loaded shared library C:\Users\91887\.vscode\extensions\redhat.java-1.55.0-win32-x64\jre\21.0.11-win32-x86_64\bin\jimage.dll
Event: 0.368 Loaded shared library c:\Users\91887\.vscode\extensions\redhat.java-1.55.0-win32-x64\jre\21.0.11-win32-x86_64\bin\verify.dll
Event: 8.238 Loaded shared library C:\Users\91887\AppData\Roaming\Code\User\globalStorage\redhat.java\1.55.0\config_win\org.eclipse.equinox.launcher\org.eclipse.equinox.launcher.win32.win32.x86_64_1.3.100.v20260613-0559\eclipse_11924.dll
Event: 20.077 Loaded shared library C:\Users\91887\AppData\Local\Temp\jna-54156063\jna1632084968384544399.dll

Deoptimization events (20 events):
Event: 21.798 Thread 0x00000232bdf3d1e0 Uncommon trap: trap_request=0xffffff45 fr.pc=0x00000232c8d509a8 relative=0x00000000000000e8
Event: 21.798 Thread 0x00000232bdf3d1e0 Uncommon trap: reason=unstable_if action=reinterpret pc=0x00000232c8d509a8 method=java.lang.CharacterDataLatin1.digit(II)I @ 7 c2
Event: 21.798 Thread 0x00000232bdf3d1e0 DEOPT PACKING pc=0x00000232c8d509a8 sp=0x0000004777efe730
Event: 21.798 Thread 0x00000232bdf3d1e0 DEOPT UNPACKING pc=0x00000232c86c6da2 sp=0x0000004777efe5f0 mode 2
Event: 21.798 Thread 0x00000232bdf3d1e0 Uncommon trap: trap_request=0xffffff45 fr.pc=0x00000232c8c4b0c8 relative=0x00000000000000a8
Event: 21.798 Thread 0x00000232bdf3d1e0 Uncommon trap: reason=unstable_if action=reinterpret pc=0x00000232c8c4b0c8 method=java.lang.CharacterDataLatin1.digit(II)I @ 7 c2
Event: 21.798 Thread 0x00000232bdf3d1e0 DEOPT PACKING pc=0x00000232c8c4b0c8 sp=0x0000004777efe690
Event: 21.798 Thread 0x00000232bdf3d1e0 DEOPT UNPACKING pc=0x00000232c86c6da2 sp=0x0000004777efe610 mode 2
Event: 21.799 Thread 0x000002331e659a30 Uncommon trap: trap_request=0xffffff45 fr.pc=0x00000232c8e23348 relative=0x00000000000000a8
Event: 21.799 Thread 0x000002331e659a30 Uncommon trap: reason=unstable_if action=reinterpret pc=0x00000232c8e23348 method=com.google.gson.stream.JsonReader.peek()Lcom/google/gson/stream/JsonToken; @ 15 c2
Event: 21.799 Thread 0x000002331e659a30 DEOPT PACKING pc=0x00000232c8e23348 sp=0x000000477b6fef90
Event: 21.799 Thread 0x000002331e659a30 DEOPT UNPACKING pc=0x00000232c86c6da2 sp=0x000000477b6fef18 mode 2
Event: 21.803 Thread 0x00000232bdf3d1e0 Uncommon trap: trap_request=0xffffff45 fr.pc=0x00000232c8d9c108 relative=0x0000000000000748
Event: 21.803 Thread 0x00000232bdf3d1e0 Uncommon trap: reason=unstable_if action=reinterpret pc=0x00000232c8d9c108 method=java.util.regex.Pattern$BmpCharPropertyGreedy.match(Ljava/util/regex/Matcher;ILjava/lang/CharSequence;)Z @ 12 c2
Event: 21.803 Thread 0x00000232bdf3d1e0 DEOPT PACKING pc=0x00000232c8d9c108 sp=0x0000004777efe070
Event: 21.803 Thread 0x00000232bdf3d1e0 DEOPT UNPACKING pc=0x00000232c86c6da2 sp=0x0000004777efdf58 mode 2
Event: 21.816 Thread 0x000002331e659a30 Uncommon trap: trap_request=0xffffff45 fr.pc=0x00000232c8e1b1a0 relative=0x00000000000009e0
Event: 21.816 Thread 0x000002331e659a30 Uncommon trap: reason=unstable_if action=reinterpret pc=0x00000232c8e1b1a0 method=com.google.gson.stream.JsonReader.nextQuotedValue(C)Ljava/lang/String; @ 121 c2
Event: 21.816 Thread 0x000002331e659a30 DEOPT PACKING pc=0x00000232c8e1b1a0 sp=0x000000477b6fe9c0
Event: 21.816 Thread 0x000002331e659a30 DEOPT UNPACKING pc=0x00000232c86c6da2 sp=0x000000477b6fe968 mode 2

Classes loaded (20 events):
Event: 21.799 Loading class sun/util/locale/provider/CalendarDataUtility$CalendarFieldValueNamesMapGetter
Event: 21.799 Loading class sun/util/locale/provider/CalendarDataUtility$CalendarFieldValueNamesMapGetter done
Event: 21.799 Loading class sun/util/cldr/CLDRCalendarNameProviderImpl
Event: 21.799 Loading class sun/util/locale/provider/CalendarNameProviderImpl
Event: 21.800 Loading class sun/util/locale/provider/CalendarNameProviderImpl done
Event: 21.800 Loading class sun/util/cldr/CLDRCalendarNameProviderImpl done
Event: 21.801 Loading class sun/util/locale/provider/BaseLocaleDataMetaInfo
Event: 21.801 Loading class sun/util/locale/provider/BaseLocaleDataMetaInfo done
Event: 21.804 Loading class sun/util/locale/provider/CalendarNameProviderImpl$LengthBasedComparator
Event: 21.804 Loading class sun/util/locale/provider/CalendarNameProviderImpl$LengthBasedComparator done
Event: 21.824 Loading class java/io/PrintWriter$1
Event: 21.824 Loading class jdk/internal/access/JavaIOPrintWriterAccess
Event: 21.824 Loading class jdk/internal/access/JavaIOPrintWriterAccess done
Event: 21.824 Loading class java/io/PrintWriter$1 done
Event: 21.826 Loading class java/lang/annotation/ElementType
Event: 21.826 Loading class java/lang/annotation/ElementType done
Event: 21.826 Loading class java/time/format/DateTimeParseContext
Event: 21.826 Loading class java/time/format/DateTimeParseContext done
Event: 21.826 Loading class java/time/format/Parsed
Event: 21.827 Loading class java/time/format/Parsed done

Classes unloaded (7 events):
Event: 20.575 Thread 0x0000023316ce0d70 Unloading class 0x00000232d61a5000 'java/lang/invoke/LambdaForm$MH+0x00000232d61a5000'
Event: 20.575 Thread 0x0000023316ce0d70 Unloading class 0x00000232d61a4c00 'java/lang/invoke/LambdaForm$MH+0x00000232d61a4c00'
Event: 20.575 Thread 0x0000023316ce0d70 Unloading class 0x00000232d61a4800 'java/lang/invoke/LambdaForm$MH+0x00000232d61a4800'
Event: 20.575 Thread 0x0000023316ce0d70 Unloading class 0x00000232d61a4400 'java/lang/invoke/LambdaForm$MH+0x00000232d61a4400'
Event: 20.575 Thread 0x0000023316ce0d70 Unloading class 0x00000232d61a4000 'java/lang/invoke/LambdaForm$BMH+0x00000232d61a4000'
Event: 20.575 Thread 0x0000023316ce0d70 Unloading class 0x00000232d61a3c00 'java/lang/invoke/LambdaForm$DMH+0x00000232d61a3c00'
Event: 20.575 Thread 0x0000023316ce0d70 Unloading class 0x00000232d61a2800 'java/lang/invoke/LambdaForm$DMH+0x00000232d61a2800'

Classes redefined (0 events):
No events

Internal exceptions (20 events):
Event: 21.459 Thread 0x00000232bdf3d1e0 Exception <a 'java/lang/NoSuchMethodError'{0x00000000d68ad988}: 'java.lang.Object java.lang.invoke.DirectMethodHandle$Holder.invokeStaticInit(java.lang.Object, long, java.lang.Object)'> (0x00000000d68ad988) 
thrown [s\src\hotspot\share\interpreter\linkResolver.cpp, line 773]
Event: 21.459 Thread 0x00000232bdf3d1e0 Exception <a 'java/lang/NoSuchMethodError'{0x00000000d68c6358}: 'java.lang.Object java.lang.invoke.DirectMethodHandle$Holder.newInvokeSpecial(java.lang.Object, long)'> (0x00000000d68c6358) 
thrown [s\src\hotspot\share\interpreter\linkResolver.cpp, line 773]
Event: 21.482 Thread 0x0000023316f7f130 Exception <a 'java/lang/NoSuchMethodError'{0x00000000d55bc550}: 'java.lang.Object java.lang.invoke.DirectMethodHandle$Holder.invokeStaticInit(java.lang.Object, java.lang.Object, java.lang.Object, java.lang.Object, java.lang.Object, java.lang.Object, java.lang.Object)'> (0x00000000d55bc550) 
thrown [s\src\hotspot\share\interpreter\linkResolver.cpp, line 773]
Event: 21.483 Thread 0x0000023316f7f130 Exception <a 'java/lang/NoSuchMethodError'{0x00000000d55df238}: 'java.lang.Object java.lang.invoke.Invokers$Holder.invoke_MT(java.lang.Object, java.lang.Object, java.lang.Object, java.lang.Object, java.lang.Object, java.lang.Object, java.lang.Object, java.lang.Object, java.lang.Object)'> (0x00000000d55df238) 
thrown [s\src\hotspot\share\interpreter\linkResolver.cpp, line 773]
Event: 21.489 Thread 0x0000023316f7f130 Exception <a 'java/lang/NoSuchMethodError'{0x00000000d568fa38}: 'int java.lang.invoke.DirectMethodHandle$Holder.invokeVirtual(java.lang.Object, java.lang.Object, java.lang.Object)'> (0x00000000d568fa38) 
thrown [s\src\hotspot\share\interpreter\linkResolver.cpp, line 773]
Event: 21.490 Thread 0x0000023316f7f130 Exception <a 'java/lang/NoSuchMethodError'{0x00000000d56a6b88}: 'int java.lang.invoke.DirectMethodHandle$Holder.invokeStaticInit(java.lang.Object, int, int)'> (0x00000000d56a6b88) 
thrown [s\src\hotspot\share\interpreter\linkResolver.cpp, line 773]
Event: 21.490 Thread 0x0000023316f7f130 Exception <a 'java/lang/NoSuchMethodError'{0x00000000d56bef88}: 'int java.lang.invoke.DirectMethodHandle$Holder.invokeStaticInit(java.lang.Object, long, long)'> (0x00000000d56bef88) 
thrown [s\src\hotspot\share\interpreter\linkResolver.cpp, line 773]
Event: 21.491 Thread 0x0000023316f7f130 Exception <a 'java/lang/NoSuchMethodError'{0x00000000d56c5920}: 'int java.lang.invoke.DirectMethodHandle$Holder.invokeStaticInit(java.lang.Object, float, float)'> (0x00000000d56c5920) 
thrown [s\src\hotspot\share\interpreter\linkResolver.cpp, line 773]
Event: 21.491 Thread 0x0000023316f7f130 Exception <a 'java/lang/NoSuchMethodError'{0x00000000d56cc4f8}: 'int java.lang.invoke.DirectMethodHandle$Holder.invokeStaticInit(java.lang.Object, double, double)'> (0x00000000d56cc4f8) 
thrown [s\src\hotspot\share\interpreter\linkResolver.cpp, line 773]
Event: 21.492 Thread 0x0000023316f7f130 Exception <a 'java/lang/NoSuchMethodError'{0x00000000d56d08f0}: 'int java.lang.invoke.DirectMethodHandle$Holder.invokeStatic(java.lang.Object, long)'> (0x00000000d56d08f0) 
thrown [s\src\hotspot\share\interpreter\linkResolver.cpp, line 773]
Event: 21.494 Thread 0x0000023316f7f130 Exception <a 'java/lang/NoSuchMethodError'{0x00000000d571ad30}: 'int java.lang.invoke.Invokers$Holder.linkToTargetMethod(java.lang.Object, java.lang.Object)'> (0x00000000d571ad30) 
thrown [s\src\hotspot\share\interpreter\linkResolver.cpp, line 773]
Event: 21.538 Thread 0x0000023316f7f130 Exception <a 'java/lang/NoSuchMethodError'{0x00000000d5c5e800}: 'java.lang.Object java.lang.invoke.DirectMethodHandle$Holder.invokeSpecialIFC(java.lang.Object, java.lang.Object, java.lang.Object, java.lang.Object)'> (0x00000000d5c5e800) 
thrown [s\src\hotspot\share\interpreter\linkResolver.cpp, line 773]
Event: 21.567 Thread 0x0000023316f7dd80 Exception <a 'java/lang/NoSuchMethodError'{0x00000000d5f3ca18}: 'int java.lang.invoke.DirectMethodHandle$Holder.invokeSpecial(java.lang.Object, java.lang.Object, java.lang.Object, java.lang.Object)'> (0x00000000d5f3ca18) 
thrown [s\src\hotspot\share\interpreter\linkResolver.cpp, line 773]
Event: 21.569 Thread 0x0000023316f7dd80 Exception <a 'java/lang/NoSuchMethodError'{0x00000000d5f89d30}: 'java.lang.Object java.lang.invoke.DirectMethodHandle$Holder.invokeStatic(java.lang.Object, int, java.lang.Object, java.lang.Object)'> (0x00000000d5f89d30) 
thrown [s\src\hotspot\share\interpreter\linkResolver.cpp, line 773]
Event: 21.570 Thread 0x0000023316f7dd80 Exception <a 'java/lang/NoSuchMethodError'{0x00000000d5fd0d08}: 'java.lang.Object java.lang.invoke.DelegatingMethodHandle$Holder.delegate(java.lang.Object, int, java.lang.Object, java.lang.Object)'> (0x00000000d5fd0d08) 
thrown [s\src\hotspot\share\interpreter\linkResolver.cpp, line 773]
Event: 21.572 Thread 0x0000023316f7dd80 Implicit null exception at 0x00000232c8e120f6 to 0x00000232c8e12418
Event: 21.574 Thread 0x0000023316f7dd80 Exception <a 'java/lang/NoSuchMethodError'{0x00000000d604a5d8}: 'int java.lang.invoke.Invokers$Holder.linkToTargetMethod(java.lang.Object, java.lang.Object, java.lang.Object)'> (0x00000000d604a5d8) 
thrown [s\src\hotspot\share\interpreter\linkResolver.cpp, line 773]
Event: 21.726 Thread 0x00000232bdf3d1e0 Exception <a 'java/lang/NoSuchMethodError'{0x00000000d5880b30}: 'void java.lang.invoke.DirectMethodHandle$Holder.invokeSpecial(java.lang.Object, java.lang.Object, java.lang.Object, java.lang.Object, java.lang.Object, java.lang.Object)'> (0x00000000d5880b30) 
thrown [s\src\hotspot\share\interpreter\linkResolver.cpp, line 773]
Event: 21.727 Thread 0x00000232bdf3d1e0 Exception <a 'java/lang/IncompatibleClassChangeError'{0x00000000d5888300}: Found class java.lang.Object, but interface was expected> (0x00000000d5888300) 
thrown [s\src\hotspot\share\interpreter\linkResolver.cpp, line 840]
Event: 21.727 Thread 0x00000232bdf3d1e0 Exception <a 'java/lang/IncompatibleClassChangeError'{0x00000000d5889478}: Found class java.lang.Object, but interface was expected> (0x00000000d5889478) 
thrown [s\src\hotspot\share\interpreter\linkResolver.cpp, line 840]

ZGC Phase Switch (0 events):
No events

VM Operations (20 events):
Event: 20.563 Executing safepoint VM operation: CollectForMetadataAllocation (Metadata GC Threshold)
Event: 20.599 Executing safepoint VM operation: CollectForMetadataAllocation (Metadata GC Threshold) done
Event: 20.786 Executing safepoint VM operation: ParallelGCFailedAllocation (Allocation Failure)
Event: 20.787 Executing safepoint VM operation: ParallelGCFailedAllocation (Allocation Failure) done
Event: 20.971 Executing safepoint VM operation: ParallelGCFailedAllocation (Allocation Failure)
Event: 20.973 Executing safepoint VM operation: ParallelGCFailedAllocation (Allocation Failure) done
Event: 21.169 Executing non-safepoint VM operation: HandshakeAllThreads (Deoptimize)
Event: 21.169 Executing non-safepoint VM operation: HandshakeAllThreads (Deoptimize) done
Event: 21.243 Executing safepoint VM operation: ParallelGCFailedAllocation (Allocation Failure)
Event: 21.245 Executing safepoint VM operation: ParallelGCFailedAllocation (Allocation Failure) done
Event: 21.280 Executing non-safepoint VM operation: HandshakeAllThreads (Deoptimize)
Event: 21.280 Executing non-safepoint VM operation: HandshakeAllThreads (Deoptimize) done
Event: 21.476 Executing safepoint VM operation: ParallelGCFailedAllocation (Allocation Failure)
Event: 21.478 Executing safepoint VM operation: ParallelGCFailedAllocation (Allocation Failure) done
Event: 21.501 Executing non-safepoint VM operation: HandshakeAllThreads (Deoptimize)
Event: 21.502 Executing non-safepoint VM operation: HandshakeAllThreads (Deoptimize) done
Event: 21.700 Executing safepoint VM operation: ParallelGCFailedAllocation (Allocation Failure)
Event: 21.702 Executing safepoint VM operation: ParallelGCFailedAllocation (Allocation Failure) done
Event: 21.734 Executing safepoint VM operation: CollectForMetadataAllocation (Metadata GC Threshold)
Event: 21.768 Executing safepoint VM operation: CollectForMetadataAllocation (Metadata GC Threshold) done

Memory protections (0 events):
No events

Nmethod flushes (20 events):
Event: 21.753 Thread 0x0000023316ce0d70 flushing  nmethod 0x00000232c176a490
Event: 21.753 Thread 0x0000023316ce0d70 flushing  nmethod 0x00000232c176b690
Event: 21.753 Thread 0x0000023316ce0d70 flushing  nmethod 0x00000232c176be90
Event: 21.753 Thread 0x0000023316ce0d70 flushing  nmethod 0x00000232c176c610
Event: 21.753 Thread 0x0000023316ce0d70 flushing  nmethod 0x00000232c176db90
Event: 21.753 Thread 0x0000023316ce0d70 flushing  nmethod 0x00000232c176e090
Event: 21.753 Thread 0x0000023316ce0d70 flushing  nmethod 0x00000232c176f590
Event: 21.753 Thread 0x0000023316ce0d70 flushing  nmethod 0x00000232c176fa10
Event: 21.753 Thread 0x0000023316ce0d70 flushing  nmethod 0x00000232c1770d90
Event: 21.753 Thread 0x0000023316ce0d70 flushing  nmethod 0x00000232c1771590
Event: 21.753 Thread 0x0000023316ce0d70 flushing  nmethod 0x00000232c1772a90
Event: 21.753 Thread 0x0000023316ce0d70 flushing  nmethod 0x00000232c1772d90
Event: 21.753 Thread 0x0000023316ce0d70 flushing  nmethod 0x00000232c177c890
Event: 21.753 Thread 0x0000023316ce0d70 flushing  nmethod 0x00000232c178f290
Event: 21.753 Thread 0x0000023316ce0d70 flushing  nmethod 0x00000232c1798590
Event: 21.753 Thread 0x0000023316ce0d70 flushing  nmethod 0x00000232c17a8410
Event: 21.753 Thread 0x0000023316ce0d70 flushing  nmethod 0x00000232c17ac490
Event: 21.753 Thread 0x0000023316ce0d70 flushing  nmethod 0x00000232c17b9d90
Event: 21.753 Thread 0x0000023316ce0d70 flushing  nmethod 0x00000232c17f3d10
Event: 21.753 Thread 0x0000023316ce0d70 flushing  nmethod 0x00000232c1828110

Events (20 events):
Event: 21.134 Thread 0x00000232bdff3060 Thread added: 0x0000023316f7eaa0
Event: 21.400 Thread 0x0000023316f7c340 Thread added: 0x0000023316f7dd80
Event: 21.436 Thread 0x0000023316f7dd80 Thread added: 0x0000023316f7f130
Event: 21.469 Thread 0x00000232bdf3d1e0 Thread added: 0x0000023316f7f7c0
Event: 21.469 Thread 0x00000232bdf3d1e0 Thread added: 0x000002331dc3b780
Event: 21.469 Thread 0x00000232bdf3d1e0 Thread added: 0x000002331dc39d40
Event: 21.469 Thread 0x00000232bdf3d1e0 Thread added: 0x000002331dc39020
Event: 21.470 Thread 0x00000232bdf3d1e0 Thread added: 0x000002331dc3c4a0
Event: 21.470 Thread 0x00000232bdf3d1e0 Thread added: 0x000002331dc3be10
Event: 21.470 Thread 0x00000232bdf3d1e0 Thread added: 0x000002331dc396b0
Event: 21.470 Thread 0x00000232bdf3d1e0 Thread added: 0x000002331dc3a3d0
Event: 21.470 Thread 0x00000232bdf3d1e0 Thread added: 0x000002331dc3aa60
Event: 21.470 Thread 0x00000232bdf3d1e0 Thread added: 0x000002331dc3b0f0
Event: 21.470 Thread 0x00000232bdf3d1e0 Thread added: 0x000002331e65ade0
Event: 21.470 Thread 0x00000232bdf3d1e0 Thread added: 0x000002331e65a0c0
Event: 21.471 Thread 0x00000232bdf3d1e0 Thread added: 0x000002331e65bb00
Event: 21.503 Thread 0x00000232bdf3d1e0 Thread added: 0x000002331e65c190
Event: 21.566 Thread 0x0000023316f7dd80 Thread added: 0x000002331e65c820
Event: 21.792 Thread 0x00000232bdf3d1e0 Thread added: 0x000002331e65ceb0
Event: 21.793 Thread 0x00000232bdf3d1e0 Thread added: 0x000002331e659a30


Dynamic libraries:
0x00007ff654110000 - 0x00007ff65411e000 	c:\Users\91887\.vscode\extensions\redhat.java-1.55.0-win32-x64\jre\21.0.11-win32-x86_64\bin\java.exe
0x00007ffc42d80000 - 0x00007ffc42fe6000 	C:\WINDOWS\SYSTEM32\ntdll.dll
0x00007ffc41c00000 - 0x00007ffc41cc9000 	C:\WINDOWS\System32\KERNEL32.DLL
0x00007ffc40570000 - 0x00007ffc4096e000 	C:\WINDOWS\System32\KERNELBASE.dll
0x00007ffc403e0000 - 0x00007ffc4052c000 	C:\WINDOWS\System32\ucrtbase.dll
0x00007ffbffef0000 - 0x00007ffbfff08000 	c:\Users\91887\.vscode\extensions\redhat.java-1.55.0-win32-x64\jre\21.0.11-win32-x86_64\bin\jli.dll
0x00007ffc03fd0000 - 0x00007ffc03fee000 	c:\Users\91887\.vscode\extensions\redhat.java-1.55.0-win32-x64\jre\21.0.11-win32-x86_64\bin\VCRUNTIME140.dll
0x00007ffc426e0000 - 0x00007ffc428a7000 	C:\WINDOWS\System32\USER32.dll
0x00007ffc40540000 - 0x00007ffc40567000 	C:\WINDOWS\System32\win32u.dll
0x00007ffc3f1b0000 - 0x00007ffc3f442000 	C:\WINDOWS\WinSxS\amd64_microsoft.windows.common-controls_6595b64144ccf1df_6.0.26100.8894_none_3e0f749ee32e02ea\COMCTL32.dll
0x00007ffc41bd0000 - 0x00007ffc41bfb000 	C:\WINDOWS\System32\GDI32.dll
0x00007ffc41b10000 - 0x00007ffc41bb9000 	C:\WINDOWS\System32\msvcrt.dll
0x00007ffc40980000 - 0x00007ffc40aaa000 	C:\WINDOWS\System32\gdi32full.dll
0x00007ffc40030000 - 0x00007ffc400d3000 	C:\WINDOWS\System32\msvcp_win.dll
0x00007ffc41ad0000 - 0x00007ffc41b02000 	C:\WINDOWS\System32\IMM32.DLL
0x00007ffc39bb0000 - 0x00007ffc39bbc000 	c:\Users\91887\.vscode\extensions\redhat.java-1.55.0-win32-x64\jre\21.0.11-win32-x86_64\bin\vcruntime140_1.dll
0x00007ffbff050000 - 0x00007ffbff0dd000 	c:\Users\91887\.vscode\extensions\redhat.java-1.55.0-win32-x64\jre\21.0.11-win32-x86_64\bin\msvcp140.dll
0x00007ffb27be0000 - 0x00007ffb28982000 	c:\Users\91887\.vscode\extensions\redhat.java-1.55.0-win32-x64\jre\21.0.11-win32-x86_64\bin\server\jvm.dll
0x00007ffc42080000 - 0x00007ffc42137000 	C:\WINDOWS\System32\ADVAPI32.dll
0x00007ffc42140000 - 0x00007ffc421ea000 	C:\WINDOWS\System32\sechost.dll
0x00007ffc422b0000 - 0x00007ffc423c8000 	C:\WINDOWS\System32\RPCRT4.dll
0x00007ffc413b0000 - 0x00007ffc41430000 	C:\WINDOWS\System32\WS2_32.dll
0x00007ffc3fe00000 - 0x00007ffc3fe5e000 	C:\WINDOWS\SYSTEM32\POWRPROF.dll
0x00007ffc3d980000 - 0x00007ffc3d98b000 	C:\WINDOWS\SYSTEM32\VERSION.dll
0x00007ffc28aa0000 - 0x00007ffc28ad6000 	C:\WINDOWS\SYSTEM32\WINMM.dll
0x00007ffc3fde0000 - 0x00007ffc3fdf4000 	C:\WINDOWS\SYSTEM32\UMPDC.dll
0x00007ffc3e5f0000 - 0x00007ffc3e60b000 	C:\WINDOWS\SYSTEM32\kernel.appcore.dll
0x00007ffc1a6d0000 - 0x00007ffc1a6da000 	c:\Users\91887\.vscode\extensions\redhat.java-1.55.0-win32-x64\jre\21.0.11-win32-x86_64\bin\jimage.dll
0x00007ffc3f730000 - 0x00007ffc3f972000 	C:\WINDOWS\SYSTEM32\DBGHELP.DLL
0x00007ffc429b0000 - 0x00007ffc42d33000 	C:\WINDOWS\System32\combase.dll
0x00007ffc423d0000 - 0x00007ffc424a9000 	C:\WINDOWS\System32\OLEAUT32.dll
0x00007ffc3f620000 - 0x00007ffc3f65b000 	C:\WINDOWS\SYSTEM32\dbgcore.DLL
0x00007ffc401a0000 - 0x00007ffc4024c000 	C:\WINDOWS\System32\bcryptPrimitives.dll
0x00007ffc173d0000 - 0x00007ffc173df000 	c:\Users\91887\.vscode\extensions\redhat.java-1.55.0-win32-x64\jre\21.0.11-win32-x86_64\bin\instrument.dll
0x00007ffbffe80000 - 0x00007ffbffea0000 	c:\Users\91887\.vscode\extensions\redhat.java-1.55.0-win32-x64\jre\21.0.11-win32-x86_64\bin\java.dll
0x00007ffc40ab0000 - 0x00007ffc41242000 	C:\WINDOWS\System32\SHELL32.dll
0x00007ffc3c9e0000 - 0x00007ffc3d272000 	C:\WINDOWS\SYSTEM32\windows.storage.dll
0x00007ffc41f30000 - 0x00007ffc42027000 	C:\WINDOWS\System32\SHCORE.dll
0x00007ffc42660000 - 0x00007ffc426c7000 	C:\WINDOWS\System32\shlwapi.dll
0x00007ffc3fec0000 - 0x00007ffc3fee9000 	C:\WINDOWS\SYSTEM32\profapi.dll
0x00007ffbffaa0000 - 0x00007ffbffab8000 	c:\Users\91887\.vscode\extensions\redhat.java-1.55.0-win32-x64\jre\21.0.11-win32-x86_64\bin\zip.dll
0x00007ffc173c0000 - 0x00007ffc173d0000 	C:\Users\91887\.vscode\extensions\redhat.java-1.55.0-win32-x64\jre\21.0.11-win32-x86_64\bin\net.dll
0x00007ffc34350000 - 0x00007ffc34477000 	C:\WINDOWS\SYSTEM32\WINHTTP.dll
0x00007ffc3e210000 - 0x00007ffc3e27c000 	C:\WINDOWS\system32\mswsock.dll
0x00007ffc158e0000 - 0x00007ffc158f6000 	C:\Users\91887\.vscode\extensions\redhat.java-1.55.0-win32-x64\jre\21.0.11-win32-x86_64\bin\nio.dll
0x00007ffc17320000 - 0x00007ffc17330000 	c:\Users\91887\.vscode\extensions\redhat.java-1.55.0-win32-x64\jre\21.0.11-win32-x86_64\bin\verify.dll
0x00007ffc043c0000 - 0x00007ffc04405000 	C:\Users\91887\AppData\Roaming\Code\User\globalStorage\redhat.java\1.55.0\config_win\org.eclipse.equinox.launcher\org.eclipse.equinox.launcher.win32.win32.x86_64_1.3.100.v20260613-0559\eclipse_11924.dll
0x00007ffc41440000 - 0x00007ffc415d9000 	C:\WINDOWS\System32\ole32.dll
0x00007ffc3faa0000 - 0x00007ffc3fabb000 	C:\WINDOWS\SYSTEM32\CRYPTSP.dll
0x00007ffc3dc20000 - 0x00007ffc3dc59000 	C:\WINDOWS\system32\rsaenh.dll
0x00007ffc3e2d0000 - 0x00007ffc3e302000 	C:\WINDOWS\SYSTEM32\USERENV.dll
0x00007ffc3fe90000 - 0x00007ffc3feba000 	C:\WINDOWS\SYSTEM32\bcrypt.dll
0x00007ffc3e510000 - 0x00007ffc3e51c000 	C:\WINDOWS\SYSTEM32\CRYPTBASE.dll
0x00007ffc3d6c0000 - 0x00007ffc3d6f3000 	C:\WINDOWS\SYSTEM32\IPHLPAPI.DLL
0x00007ffc41bc0000 - 0x00007ffc41bca000 	C:\WINDOWS\System32\NSI.dll
0x00007ffc04170000 - 0x00007ffc041b9000 	C:\Users\91887\AppData\Local\Temp\jna-54156063\jna1632084968384544399.dll
0x00007ffc426d0000 - 0x00007ffc426d8000 	C:\WINDOWS\System32\PSAPI.DLL
0x00007ffc345d0000 - 0x00007ffc345ed000 	C:\WINDOWS\SYSTEM32\dhcpcsvc6.DLL
0x00007ffc34320000 - 0x00007ffc34345000 	C:\WINDOWS\SYSTEM32\dhcpcsvc.DLL

JVMTI agents:
c:\Users\91887\.vscode\extensions\redhat.java-1.55.0-win32-x64\lombok\lombok-1.18.39-4050.jar path:c:\Users\91887\.vscode\extensions\redhat.java-1.55.0-win32-x64\jre\21.0.11-win32-x86_64\bin\instrument.dll, loaded, initialized, instrumentlib options:none

dbghelp: loaded successfully - version: 4.0.5 - missing functions: none
symbol engine: initialized successfully - sym options: 0x614 - pdb path: .;c:\Users\91887\.vscode\extensions\redhat.java-1.55.0-win32-x64\jre\21.0.11-win32-x86_64\bin;C:\WINDOWS\SYSTEM32;C:\WINDOWS\WinSxS\amd64_microsoft.windows.common-controls_6595b64144ccf1df_6.0.26100.8894_none_3e0f749ee32e02ea;c:\Users\91887\.vscode\extensions\redhat.java-1.55.0-win32-x64\jre\21.0.11-win32-x86_64\bin\server;C:\Users\91887\AppData\Roaming\Code\User\globalStorage\redhat.java\1.55.0\config_win\org.eclipse.equinox.launcher\org.eclipse.equinox.launcher.win32.win32.x86_64_1.3.100.v20260613-0559;C:\Users\91887\AppData\Local\Temp\jna-54156063

VM Arguments:
jvm_args: --add-modules=ALL-SYSTEM --add-opens=java.base/java.util=ALL-UNNAMED --add-opens=java.base/java.lang=ALL-UNNAMED --add-opens=java.base/sun.nio.fs=ALL-UNNAMED -Declipse.application=org.eclipse.jdt.ls.core.id1 -Dosgi.bundles.defaultStartLevel=4 -Declipse.product=org.eclipse.jdt.ls.core.product -Djava.import.generatesMetadataFilesAtProjectRoot=false -DDetectVMInstallationsJob.disabled=true -Dfile.encoding=utf8 -XX:+UseParallelGC -XX:GCTimeRatio=4 -XX:AdaptiveSizePolicyWeight=90 -Dsun.zip.disableMemoryMapping=true -Xmx2G -Xms100m -Xlog:disable -javaagent:c:\Users\91887\.vscode\extensions\redhat.java-1.55.0-win32-x64\lombok\lombok-1.18.39-4050.jar -XX:+HeapDumpOnOutOfMemoryError -XX:HeapDumpPath=c:\Users\91887\AppData\Roaming\Code\User\workspaceStorage\66d4fec6852f26a4e20c9379181b93ab\redhat.java -Daether.dependencyCollector.impl=bf 
java_command: c:\Users\91887\.vscode\extensions\redhat.java-1.55.0-win32-x64\server\plugins\org.eclipse.equinox.launcher_1.7.200.v20260619-2039.jar -configuration c:\Users\91887\AppData\Roaming\Code\User\globalStorage\redhat.java\1.55.0\config_win -data c:\Users\91887\AppData\Roaming\Code\User\workspaceStorage\66d4fec6852f26a4e20c9379181b93ab\redhat.java\jdt_ws --pipe=\\.\pipe\lsp-f0869fbbe0f656e03da51450169caf2c-sock
java_class_path (initial): c:\Users\91887\.vscode\extensions\redhat.java-1.55.0-win32-x64\server\plugins\org.eclipse.equinox.launcher_1.7.200.v20260619-2039.jar
Launcher Type: SUN_STANDARD

[Global flags]
    uintx AdaptiveSizePolicyWeight                 = 90                                        {product} {command line}
     intx CICompilerCount                          = 4                                         {product} {ergonomic}
    uintx GCTimeRatio                              = 4                                         {product} {command line}
     bool HeapDumpOnOutOfMemoryError               = true                                   {manageable} {command line}
    ccstr HeapDumpPath                             = c:\Users\91887\AppData\Roaming\Code\User\workspaceStorage\66d4fec6852f26a4e20c9379181b93ab\redhat.java         {manageable} {command line}
   size_t InitialHeapSize                          = 104857600                                 {product} {command line}
   size_t MaxHeapSize                              = 2147483648                                {product} {command line}
   size_t MaxNewSize                               = 715653120                                 {product} {ergonomic}
   size_t MinHeapDeltaBytes                        = 524288                                    {product} {ergonomic}
   size_t MinHeapSize                              = 104857600                                 {product} {command line}
   size_t NewSize                                  = 34603008                                  {product} {ergonomic}
    uintx NonNMethodCodeHeapSize                   = 5839372                                {pd product} {ergonomic}
    uintx NonProfiledCodeHeapSize                  = 122909434                              {pd product} {ergonomic}
   size_t OldSize                                  = 70254592                                  {product} {ergonomic}
    uintx ProfiledCodeHeapSize                     = 122909434                              {pd product} {ergonomic}
    uintx ReservedCodeCacheSize                    = 251658240                              {pd product} {ergonomic}
     bool SegmentedCodeCache                       = true                                      {product} {ergonomic}
   size_t SoftMaxHeapSize                          = 2147483648                             {manageable} {ergonomic}
     bool UseCompressedOops                        = true                           {product lp64_product} {ergonomic}
     bool UseLargePagesIndividualAllocation        = false                                  {pd product} {ergonomic}
     bool UseParallelGC                            = true                                      {product} {command line}

Logging:
Log output configuration:
 #0: stdout all=off uptime,level,tags foldmultilines=false
 #1: stderr all=off uptime,level,tags foldmultilines=false

Release file:
JAVA_VERSION="21.0.11" 
MODULES="java.base java.compiler java.datatransfer java.xml java.prefs java.desktop java.instrument java.logging java.management java.security.sasl java.naming java.rmi java.management.rmi java.net.http java.scripting java.security.jgss java.transaction.xa java.sql java.sql.rowset java.xml.crypto java.se java.smartcardio jdk.accessibility jdk.internal.jvmstat jdk.attach jdk.charsets jdk.internal.opt jdk.zipfs jdk.compiler jdk.crypto.ec jdk.crypto.cryptoki jdk.crypto.mscapi jdk.dynalink jdk.internal.ed jdk.editpad jdk.hotspot.agent jdk.httpserver jdk.internal.le jdk.internal.vm.ci jdk.internal.vm.compiler jdk.internal.vm.compiler.management jdk.jartool jdk.javadoc jdk.jcmd jdk.management jdk.management.agent jdk.jconsole jdk.jdeps jdk.jdwp.agent jdk.jdi jdk.jfr jdk.jshell jdk.jsobject jdk.jstatd jdk.localedata jdk.management.jfr jdk.naming.dns jdk.naming.rmi jdk.net jdk.nio.mapmode jdk.random jdk.sctp jdk.security.auth jdk.security.jgss jdk.unsupported jdk.unsupported.desktop jdk.xml.dom" 

Environment Variables:
JAVA_HOME=C:\JAVA\jdk-1.8\bin
PATH=C:\Program Files\Python312\Scripts\;C:\Program Files\Python312\;C:\windows\system32;C:\windows;C:\windows\System32\Wbem;C:\windows\System32\WindowsPowerShell\v1.0\;C:\windows\System32\OpenSSH\;C:\Program Files (x86)\NVIDIA Corporation\PhysX\Common;C:\Program Files\Git\cmd;C:\Program Files\dotnet\;C:\Program Files\NVIDIA Corporation\NVIDIA app\NvDLISR;C:\WINDOWS\system32;C:\WINDOWS;C:\WINDOWS\System32\Wbem;C:\WINDOWS\System32\WindowsPowerShell\v1.0\;C:\WINDOWS\System32\OpenSSH\;C:\Program Files\PuTTY\;C:\Users\91887\Downloads\hadoop-3.4.1.tar.gz\hadoop-3.4.1\bin;C:\Users\91887\Downloads\hadoop-3.4.1.tar.gz\hadoop-3.4.1\sbin;C:\JAVA\jdk-1.8\bin;C:\hadoop\bin;C:\hadoop\sbin;C:\hadoop;C:\Program Files\nodejs\;C:\Program Files\MongoDB\Server\8.2\bin;C:\Users\91887\AppData\Local\Microsoft\WindowsApps;C:\Users\91887\AppData\Local\Programs\Python\Python37-32\pythonw.exe;C:\Users\91887\AppData\Local\Programs\Microsoft VS Code\bin;C:\Users\91887\AppData\Roaming\npm;C:\Users\91887\AppData\Local\Programs\Antigravity IDE\bin
USERNAME=91887
OS=Windows_NT
PROCESSOR_IDENTIFIER=Intel64 Family 6 Model 141 Stepping 1, GenuineIntel
TMP=C:\Users\91887\AppData\Local\Temp
TEMP=C:\Users\91887\AppData\Local\Temp




Periodic native trim disabled

---------------  S Y S T E M  ---------------

OS:
 Windows 11 , 64 bit Build 26100 (10.0.26100.8875)
OS uptime: 0 days 11:26 hours
Hyper-V role detected

CPU: total 12 (initial active 12) (6 cores per cpu, 2 threads per core) family 6 model 141 stepping 1 microcode 0x4e, cx8, cmov, fxsr, ht, mmx, 3dnowpref, sse, sse2, sse3, ssse3, sse4.1, sse4.2, popcnt, lzcnt, tsc, tscinvbit, avx, avx2, aes, erms, clmul, bmi1, bmi2, adx, avx512f, avx512dq, avx512cd, avx512bw, avx512vl, sha, fma, vzeroupper, avx512_vpopcntdq, avx512_vpclmulqdq, avx512_vaes, avx512_vnni, clflush, clflushopt, clwb, avx512_vbmi2, avx512_vbmi, hv, rdtscp, rdpid, fsrm, gfni, avx512_bitalg, f16c, cet_ibt, cet_ss, avx512_ifma
Processor Information for the first 12 processors :
  Max Mhz: 2688, Current Mhz: 2688, Mhz Limit: 2688

Memory: 4k page, system-wide physical 16022M (3515M free)
TotalPageFile size 39522M (AvailPageFile size 35M)
current process WorkingSet (physical memory assigned to process): 197M, peak: 197M
current process commit charge ("private bytes"): 323M, peak: 323M

vm_info: OpenJDK 64-Bit Server VM (21.0.11+10-LTS) for windows-amd64 JRE (21.0.11+10-LTS), built on 2026-04-21T00:00:00Z by "admin" with MS VC++ 17.12 (VS2022)

END.
